.next/types/app/certificates/[id]/page.ts(34,29): error TS2344: Type 'PageProps' does not satisfy the constraint 'import("C:/Users/Fakhar/.gemini/antigravity/scratch/learning_assure/.next/types/app/certificates/[id]/page").PageProps'.
  Types of property 'params' are incompatible.
    Type '{ id: string; }' is missing the following properties from type 'Promise<any>': then, catch, finally, [Symbol.toStringTag]
src/app/certificates/[id]/page.tsx(35,13): error TS18048: 'certificate' is possibly 'undefined'.
src/app/certificates/[id]/page.tsx(36,23): error TS18048: 'certificate' is possibly 'undefined'.
src/app/certificates/[id]/page.tsx(38,20): error TS18048: 'certificate' is possibly 'undefined'.
src/app/certificates/[id]/page.tsx(39,33): error TS18048: 'certificate' is possibly 'undefined'.
src/app/certificates/[id]/page.tsx(41,19): error TS18048: 'certificate' is possibly 'undefined'.
src/app/certificates/[id]/page.tsx(58,76): error TS18048: 'certificate' is possibly 'undefined'.
src/components/certificates/CertificateTemplate.tsx(29,17): error TS2353: Object literal may only specify known properties, and 'scale' does not exist in type 'Html2CanvasOptions'.
